// Vitest Snapshot v1, https://vitest.dev/guide/snapshot.html

exports[`Тестируем екран курсов валют > Change both inputs 1`] = `
<div>
  <div>
    <input
      type="number"
      value="0"
    />
    <div>
      Exchange rate: 
      78
    </div>
    <input
      type="number"
      value="0.038461538461538464"
    />
  </div>
</div>
`;

exports[`Тестируем екран курсов валют > Loading before fetch execute 1`] = `
<body>
  <div>
    <div
      data-testid="dsaf-32fd-32rf-sdfa"
    />
  </div>
</body>
`;
